go : # 
command-line-arguments
At line:1 char:1
+ go build -o bin/api.exe 
cmd/api/main.go 
cmd/api/handlers.go 2>&1 | 
Ou ...
+ ~~~~~~~~~~~~~~~~~~~~~~~~~~
~~~~~~~~~~~~~~~~~~~~~~~~~~~~
~~~~~~~~~~
    + CategoryInfo          
    : NotSpecified: (# com  
  mand-line-arguments:Str   
 ing) [], RemoteExceptio    
n
    + FullyQualifiedErrorId 
    : NativeCommandError
 
cmd\api\handlers.go:424:23: 
tier.Name undefined (type 
models.TicketTier has no 
field or method Name)
cmd\api\handlers.go:427:23: 
tier.Quantity undefined 
(type models.TicketTier has 
no field or method Quantity)
cmd\api\handlers.go:428:23: 
tier.Sold undefined (type 
models.TicketTier has no 
field or method Sold)
cmd\api\handlers.go:429:23: 
tier.Quantity undefined 
(type models.TicketTier has 
no field or method Quantity)
cmd\api\handlers.go:429:39: 
tier.Sold undefined (type 
models.TicketTier has no 
field or method Sold)
cmd\api\handlers.go:442:24: 
event.MaxAttendees 
undefined (type 
models.Event has no field 
or method MaxAttendees)
cmd\api\handlers.go:444:24: 
event.TicketsSold undefined 
(type models.Event has no 
field or method TicketsSold)
cmd\api\handlers.go:489:22: 
tier.Name undefined (type 
models.TicketTier has no 
field or method Name)
cmd\api\handlers.go:492:22: 
tier.Quantity undefined 
(type models.TicketTier has 
no field or method Quantity)
cmd\api\handlers.go:493:22: 
tier.Sold undefined (type 
models.TicketTier has no 
field or method Sold)
cmd\api\handlers.go:493:22: 
too many errors
